Python 2.7.13 (v2.7.13:a06454b1afa1, Dec 17 2016, 20:42:59) [MSC v.1500 32 bit (Intel)] on win32
Type "copyright", "credits" or "license()" for more information.
>>> users = {
    'A':{
    'first':'yu',
    'last':'lei',
    'location':'hs',
    },
    'B':{
    'first':'liu',
    'last':'wei',
    'location':'hs',    
    },
}
>>> for username, userinfo in users.items():
	print("userid��" + username)
	print("userinfo:" + str(userinfo))

	
userid��A
userinfo:{'last': 'lei', 'location': 'hs', 'first': 'yu'}
userid��B
userinfo:{'last': 'wei', 'location': 'hs', 'first': 'liu'}
>>> dict = {'Name': 'Zara', 'Age': 7}
>>> print "Value : %s" % dict.keys()
Value : ['Age', 'Name']
>>> print "Key : %s" % dict.keys()
Key : ['Age', 'Name']
>>> for key in dict.keys():
	print key

	
Age
Name
>>>  for key in dict.keys():
	print dict[key]
	
  File "<pyshell#8>", line 2
    for key in dict.keys():
    ^
IndentationError: unexpected indent
>>> for key in dict.keys():
	print dict[key]

	
7
Zara
>>> 
